<?xml version="1.0" encoding="utf-8"?><testsuites><testsuite name="pytest" errors="0" failures="0" skipped="0" tests="6" time="0.271" timestamp="2024-01-23T08:10:28.539977" hostname="Halidus-MacBook-Pro.local"><testcase classname="tests.test_client.DirectoryCHClientTest" name="test_company" time="0.001" /><testcase classname="tests.test_client.DirectoryCHClientTest" name="test_ping" time="0.022" /><testcase classname="tests.test_company.CompanyCHClientTest" name="test_get_company_profile" time="0.004" /><testcase classname="tests.test_company.CompanyCHClientTest" name="test_get_company_registered_address" time="0.003" /><testcase classname="tests.test_company.CompanyCHClientTest" name="test_list_officers" time="0.004" /><testcase classname="tests.test_company.CompanyCHClientTest" name="test_search_companies" time="0.003" /></testsuite></testsuites>